
  .   ____          _            __ _ _
 /\\ / ___'_ __ _ _(_)_ __  __ _ \ \ \ \
( ( )\___ | '_ | '_| | '_ \/ _` | \ \ \ \
 \\/  ___)| |_)| | | | | || (_| |  ) ) ) )
  '  |____| .__|_| |_|_| |_\__, | / / / /
 =========|_|==============|___/=/_/_/_/

 :: Spring Boot ::                (v3.3.5)

2026-08-15T06:37:24.764Z  INFO 9751 --- [admin-service] [           main] e.t.a.AdminServiceApplication            : Starting AdminServiceApplication using Java 17.0.19 with PID 9751 (/home/zhx/TJNovel/backend/admin-service/target/admin-service-0.0.1-SNAPSHOT.jar started by zhx in /home/zhx)
2026-08-15T06:37:24.831Z  INFO 9751 --- [admin-service] [           main] e.t.a.AdminServiceApplication            : No active profile set, falling back to 1 default profile: "default"
2026-08-15T06:37:40.549Z  INFO 9751 --- [admin-service] [           main] .s.d.r.c.RepositoryConfigurationDelegate : Bootstrapping Spring Data JPA repositories in DEFAULT mode.
2026-08-15T06:37:41.340Z  INFO 9751 --- [admin-service] [           main] .s.d.r.c.RepositoryConfigurationDelegate : Finished Spring Data repository scanning in 652 ms. Found 5 JPA repository interfaces.
2026-08-15T06:37:56.430Z  INFO 9751 --- [admin-service] [           main] o.s.b.w.embedded.tomcat.TomcatWebServer  : Tomcat initialized with port 7084 (http)
2026-08-15T06:37:56.541Z  INFO 9751 --- [admin-service] [           main] o.apache.catalina.core.StandardService   : Starting service [Tomcat]
2026-08-15T06:37:56.543Z  INFO 9751 --- [admin-service] [           main] o.apache.catalina.core.StandardEngine    : Starting Servlet engine: [Apache Tomcat/10.1.31]
2026-08-15T06:37:56.821Z  INFO 9751 --- [admin-service] [           main] o.a.c.c.C.[Tomcat].[localhost].[/]       : Initializing Spring embedded WebApplicationContext
2026-08-15T06:37:56.825Z  INFO 9751 --- [admin-service] [           main] w.s.c.ServletWebServerApplicationContext : Root WebApplicationContext: initialization completed in 30880 ms
2026-08-15T06:38:01.314Z  INFO 9751 --- [admin-service] [           main] o.hibernate.jpa.internal.util.LogHelper  : HHH000204: Processing PersistenceUnitInfo [name: default]
2026-08-15T06:38:02.152Z  INFO 9751 --- [admin-service] [           main] org.hibernate.Version                    : HHH000412: Hibernate ORM core version 6.5.3.Final
2026-08-15T06:38:02.665Z  INFO 9751 --- [admin-service] [           main] o.h.c.internal.RegionFactoryInitiator    : HHH000026: Second-level cache disabled
2026-08-15T06:38:06.593Z  INFO 9751 --- [admin-service] [           main] o.s.o.j.p.SpringPersistenceUnitInfo      : No LoadTimeWeaver setup: ignoring JPA class transformer
2026-08-15T06:38:07.048Z  INFO 9751 --- [admin-service] [           main] com.zaxxer.hikari.HikariDataSource       : HikariPool-1 - Starting...
2026-08-15T06:38:09.230Z  INFO 9751 --- [admin-service] [           main] com.zaxxer.hikari.pool.HikariPool        : HikariPool-1 - Added connection com.mysql.cj.jdbc.ConnectionImpl@4cb82b09
2026-08-15T06:38:09.239Z  INFO 9751 --- [admin-service] [           main] com.zaxxer.hikari.HikariDataSource       : HikariPool-1 - Start completed.
2026-08-15T06:38:09.598Z  WARN 9751 --- [admin-service] [           main] org.hibernate.orm.deprecation            : HHH90000025: MySQLDialect does not need to be specified explicitly using 'hibernate.dialect' (remove the property setting and it will be selected by default)
2026-08-15T06:38:16.839Z  INFO 9751 --- [admin-service] [           main] o.h.e.t.j.p.i.JtaPlatformInitiator       : HHH000489: No JTA platform available (set 'hibernate.transaction.jta.platform' to enable JTA platform integration)
2026-08-15T06:38:17.101Z  INFO 9751 --- [admin-service] [           main] j.LocalContainerEntityManagerFactoryBean : Initialized JPA EntityManagerFactory for persistence unit 'default'
2026-08-15T06:38:18.814Z  INFO 9751 --- [admin-service] [           main] o.s.d.j.r.query.QueryEnhancerFactory     : JSqlParser is in classpath; If applicable, JSqlParser will be used.
2026-08-15T06:38:18.819Z  INFO 9751 --- [admin-service] [           main] o.s.d.j.r.query.QueryEnhancerFactory     : Hibernate is in classpath; If applicable, HQL parser will be used.
2026-08-15T06:38:23.820Z  WARN 9751 --- [admin-service] [           main] JpaBaseConfiguration$JpaWebConfiguration : spring.jpa.open-in-view is enabled by default. Therefore, database queries may be performed during view rendering. Explicitly configure spring.jpa.open-in-view to disable this warning
2026-08-15T06:38:24.134Z  WARN 9751 --- [admin-service] [           main] .s.s.UserDetailsServiceAutoConfiguration : 

Using generated security password: 7a6b67c5-da69-48cb-bcc8-4773bad07146

This generated password is for development use only. Your security configuration must be updated before running your application in production.

2026-08-15T06:38:24.318Z  INFO 9751 --- [admin-service] [           main] r$InitializeUserDetailsManagerConfigurer : Global AuthenticationManager configured with UserDetailsService bean with name inMemoryUserDetailsManager
2026-08-15T06:38:27.187Z  INFO 9751 --- [admin-service] [           main] o.s.b.a.e.web.EndpointLinksResolver      : Exposing 2 endpoints beneath base path '/actuator'
Logging initialized using 'class org.apache.ibatis.logging.stdout.StdOutImpl' adapter.
Get /172.16.0.4 network interface 
Get network interface info: name:eth0 (eth0)
Initialization Sequence datacenterId:15 workerId:30
 _ _   |_  _ _|_. ___ _ |    _ 
| | |\/|_)(_| | |_\  |_)||_|_\ 
     /               |         
                        3.5.7 
Can not find table primary key in Class: "edu.tongji.adminservice.entity.ReportManagement".
2026-08-15T06:38:33.304Z  WARN 9751 --- [admin-service] [           main] c.b.m.core.injector.DefaultSqlInjector   : class edu.tongji.adminservice.entity.ReportManagement ,Not found @TableId annotation, Cannot use Mybatis-Plus 'xxById' Method.
Can not find table primary key in Class: "edu.tongji.adminservice.entity.ChapterManagement".
2026-08-15T06:38:33.928Z  WARN 9751 --- [admin-service] [           main] c.b.m.core.injector.DefaultSqlInjector   : class edu.tongji.adminservice.entity.ChapterManagement ,Not found @TableId annotation, Cannot use Mybatis-Plus 'xxById' Method.
Can not find table primary key in Class: "edu.tongji.adminservice.entity.CommentManagement".
2026-08-15T06:38:34.084Z  WARN 9751 --- [admin-service] [           main] c.b.m.core.injector.DefaultSqlInjector   : class edu.tongji.adminservice.entity.CommentManagement ,Not found @TableId annotation, Cannot use Mybatis-Plus 'xxById' Method.
Can not find table primary key in Class: "edu.tongji.adminservice.entity.Management".
2026-08-15T06:38:34.277Z  WARN 9751 --- [admin-service] [           main] c.b.m.core.injector.DefaultSqlInjector   : class edu.tongji.adminservice.entity.Management ,Not found @TableId annotation, Cannot use Mybatis-Plus 'xxById' Method.
Can not find table primary key in Class: "edu.tongji.adminservice.entity.NovelManagement".
2026-08-15T06:38:34.363Z  WARN 9751 --- [admin-service] [           main] c.b.m.core.injector.DefaultSqlInjector   : class edu.tongji.adminservice.entity.NovelManagement ,Not found @TableId annotation, Cannot use Mybatis-Plus 'xxById' Method.
2026-08-15T06:38:34.924Z  INFO 9751 --- [admin-service] [           main] o.s.b.w.embedded.tomcat.TomcatWebServer  : Tomcat started on port 7084 (http) with context path '/'
2026-08-15T06:38:35.029Z  INFO 9751 --- [admin-service] [           main] e.t.a.AdminServiceApplication            : Started AdminServiceApplication in 76.102 seconds (process running for 80.758)
2026-08-15T06:38:42.129Z  INFO 9751 --- [admin-service] [nio-7084-exec-2] o.a.c.c.C.[Tomcat].[localhost].[/]       : Initializing Spring DispatcherServlet 'dispatcherServlet'
2026-08-15T06:38:42.129Z  INFO 9751 --- [admin-service] [nio-7084-exec-2] o.s.web.servlet.DispatcherServlet        : Initializing Servlet 'dispatcherServlet'
2026-08-15T06:38:42.140Z  INFO 9751 --- [admin-service] [nio-7084-exec-2] o.s.web.servlet.DispatcherServlet        : Completed initialization in 10 ms
Hibernate: select cm1_0.management_id,cm1_0.chapter_id,cm1_0.novel_id from chapter_management cm1_0,management m1_0 where cm1_0.management_id=m1_0.management_id order by m1_0.time desc
Hibernate: select cm1_0.management_id,cm1_0.chapter_id,cm1_0.novel_id from chapter_management cm1_0,management m1_0 where cm1_0.management_id=m1_0.management_id order by m1_0.time desc
Hibernate: select cm1_0.management_id,cm1_0.chapter_id,cm1_0.novel_id from chapter_management cm1_0,management m1_0 where cm1_0.management_id=m1_0.management_id order by m1_0.time desc
Hibernate: select cm1_0.management_id,cm1_0.chapter_id,cm1_0.novel_id from chapter_management cm1_0,management m1_0 where cm1_0.management_id=m1_0.management_id order by m1_0.time desc
Hibernate: select cm1_0.management_id,cm1_0.chapter_id,cm1_0.novel_id from chapter_management cm1_0,management m1_0 where cm1_0.management_id=m1_0.management_id order by m1_0.time desc
Hibernate: select cm1_0.management_id,cm1_0.chapter_id,cm1_0.novel_id from chapter_management cm1_0,management m1_0 where cm1_0.management_id=m1_0.management_id order by m1_0.time desc
Hibernate: select cm1_0.management_id,cm1_0.chapter_id,cm1_0.novel_id from chapter_management cm1_0,management m1_0 where cm1_0.management_id=m1_0.management_id order by m1_0.time desc
Hibernate: select cm1_0.management_id,cm1_0.chapter_id,cm1_0.novel_id from chapter_management cm1_0,management m1_0 where cm1_0.management_id=m1_0.management_id order by m1_0.time desc
Hibernate: select cm1_0.management_id,cm1_0.chapter_id,cm1_0.novel_id from chapter_management cm1_0,management m1_0 where cm1_0.management_id=m1_0.management_id order by m1_0.time desc
Hibernate: select cm1_0.management_id,cm1_0.chapter_id,cm1_0.novel_id from chapter_management cm1_0,management m1_0 where cm1_0.management_id=m1_0.management_id order by m1_0.time desc
Hibernate: select cm1_0.management_id,cm1_0.chapter_id,cm1_0.novel_id from chapter_management cm1_0,management m1_0 where cm1_0.management_id=m1_0.management_id order by m1_0.time desc
Hibernate: select cm1_0.management_id,cm1_0.chapter_id,cm1_0.novel_id from chapter_management cm1_0,management m1_0 where cm1_0.management_id=m1_0.management_id order by m1_0.time desc
Hibernate: select cm1_0.management_id,cm1_0.chapter_id,cm1_0.novel_id from chapter_management cm1_0,management m1_0 where cm1_0.management_id=m1_0.management_id order by m1_0.time desc
Hibernate: select cm1_0.management_id,cm1_0.chapter_id,cm1_0.novel_id from chapter_management cm1_0,management m1_0 where cm1_0.management_id=m1_0.management_id order by m1_0.time desc
Hibernate: select cm1_0.management_id,cm1_0.chapter_id,cm1_0.novel_id from chapter_management cm1_0,management m1_0 where cm1_0.management_id=m1_0.management_id order by m1_0.time desc
Hibernate: select cm1_0.management_id,cm1_0.chapter_id,cm1_0.novel_id from chapter_management cm1_0,management m1_0 where cm1_0.management_id=m1_0.management_id order by m1_0.time desc
Hibernate: select cm1_0.management_id,cm1_0.chapter_id,cm1_0.novel_id from chapter_management cm1_0,management m1_0 where cm1_0.management_id=m1_0.management_id order by m1_0.time desc
Hibernate: select cm1_0.management_id,cm1_0.chapter_id,cm1_0.novel_id from chapter_management cm1_0,management m1_0 where cm1_0.management_id=m1_0.management_id order by m1_0.time desc
Hibernate: select cm1_0.management_id,cm1_0.chapter_id,cm1_0.novel_id from chapter_management cm1_0,management m1_0 where cm1_0.management_id=m1_0.management_id order by m1_0.time desc
