
  .   ____          _            __ _ _
 /\\ / ___'_ __ _ _(_)_ __  __ _ \ \ \ \
( ( )\___ | '_ | '_| | '_ \/ _` | \ \ \ \
 \\/  ___)| |_)| | | | | || (_| |  ) ) ) )
  '  |____| .__|_| |_|_| |_\__, | / / / /
 =========|_|==============|___/=/_/_/_/

 :: Spring Boot ::                (v3.3.5)

2026-08-15T15:02:14.375Z  INFO 381403 --- [notification-service] [           main] e.t.n.NotificationServiceApplication     : Starting NotificationServiceApplication using Java 21.0.11 with PID 381403 (/home/zhx/TJNovel/backend/notification-service/target/notification-service-0.0.1-SNAPSHOT.jar started by zhx in /home/zhx/TJNovel)
2026-08-15T15:02:14.413Z  INFO 381403 --- [notification-service] [           main] e.t.n.NotificationServiceApplication     : No active profile set, falling back to 1 default profile: "default"
2026-08-15T15:02:33.510Z  INFO 381403 --- [notification-service] [           main] o.s.b.w.embedded.tomcat.TomcatWebServer  : Tomcat initialized with port 7085 (http)
2026-08-15T15:02:33.643Z  INFO 381403 --- [notification-service] [           main] o.apache.catalina.core.StandardService   : Starting service [Tomcat]
2026-08-15T15:02:33.644Z  INFO 381403 --- [notification-service] [           main] o.apache.catalina.core.StandardEngine    : Starting Servlet engine: [Apache Tomcat/10.1.31]
2026-08-15T15:02:33.859Z  INFO 381403 --- [notification-service] [           main] o.a.c.c.C.[Tomcat].[localhost].[/]       : Initializing Spring embedded WebApplicationContext
2026-08-15T15:02:33.873Z  INFO 381403 --- [notification-service] [           main] w.s.c.ServletWebServerApplicationContext : Root WebApplicationContext: initialization completed in 18822 ms
2026-08-15T15:02:40.922Z  WARN 381403 --- [notification-service] [           main] .s.s.UserDetailsServiceAutoConfiguration : 

Using generated security password: 60f26d2c-2ad6-4d4e-bba7-2f6b203809c0

This generated password is for development use only. Your security configuration must be updated before running your application in production.

2026-08-15T15:02:41.024Z  INFO 381403 --- [notification-service] [           main] r$InitializeUserDetailsManagerConfigurer : Global AuthenticationManager configured with UserDetailsService bean with name inMemoryUserDetailsManager
2026-08-15T15:02:44.049Z  INFO 381403 --- [notification-service] [           main] o.s.b.a.e.web.EndpointLinksResolver      : Exposing 2 endpoints beneath base path '/actuator'
2026-08-15T15:02:48.857Z  WARN 381403 --- [notification-service] [           main] ConfigServletWebServerApplicationContext : Exception encountered during context initialization - cancelling refresh attempt: org.springframework.context.ApplicationContextException: Failed to start bean 'webServerStartStop'
2026-08-15T15:02:49.112Z  INFO 381403 --- [notification-service] [           main] .s.b.a.l.ConditionEvaluationReportLogger : 

Error starting ApplicationContext. To display the condition evaluation report re-run your application with 'debug' enabled.
2026-08-15T15:02:49.238Z ERROR 381403 --- [notification-service] [           main] o.s.b.d.LoggingFailureAnalysisReporter   : 

***************************
APPLICATION FAILED TO START
***************************

Description:

Web server failed to start. Port 7085 was alre2026-08-15T15:13:20.242Z  INFO 377406 --- [notification-service] [nio-7085-exec-1] o.a.c.c.C.[Tomcat].[localhost].[/]       : Initializing Spring DispatcherServlet 'dispatcherServlet'
2026-08-15T15:13:20.243Z  INFO 377406 --- [notification-service] [nio-7085-exec-1] o.s.web.servlet.DispatcherServlet        : Initializing Servlet 'dispatcherServlet'
2026-08-15T15:13:20.245Z  INFO 377406 --- [notification-service] [nio-7085-exec-1] o.s.web.servlet.DispatcherServlet        : Completed initialization in 2 ms
2026-08-15T15:13:20.383Z  INFO 377406 --- [notification-service] [nio-7085-exec-1] e.t.n.s.NotificationWebSocketHandler     : 通知WebSocket连接建立: userId=9, sessionId=fd85ecba-495c-1940-38f5-ee71bf359d0f
