
  .   ____          _            __ _ _
 /\\ / ___'_ __ _ _(_)_ __  __ _ \ \ \ \
( ( )\___ | '_ | '_| | '_ \/ _` | \ \ \ \
 \\/  ___)| |_)| | | | | || (_| |  ) ) ) )
  '  |____| .__|_| |_|_| |_\__, | / / / /
 =========|_|==============|___/=/_/_/_/

 :: Spring Boot ::                (v3.3.5)

2026-08-15T15:02:16.941Z  INFO 381401 --- [transaction-service] [           main] e.t.t.TransactionServiceApplication      : Starting TransactionServiceApplication using Java 21.0.11 with PID 381401 (/home/zhx/TJNovel/backend/transaction-service/target/transaction-service-0.0.1-SNAPSHOT.jar started by zhx in /home/zhx/TJNovel)
2026-08-15T15:02:16.970Z  INFO 381401 --- [transaction-service] [           main] e.t.t.TransactionServiceApplication      : No active profile set, falling back to 1 default profile: "default"
2026-08-15T15:02:30.851Z  INFO 381401 --- [transaction-service] [           main] .s.d.r.c.RepositoryConfigurationDelegate : Multiple Spring Data modules found, entering strict repository configuration mode
2026-08-15T15:02:30.854Z  INFO 381401 --- [transaction-service] [           main] .s.d.r.c.RepositoryConfigurationDelegate : Bootstrapping Spring Data JPA repositories in DEFAULT mode.
2026-08-15T15:02:34.459Z  INFO 381401 --- [transaction-service] [           main] .s.d.r.c.RepositoryConfigurationDelegate : Finished Spring Data repository scanning in 3546 ms. Found 4 JPA repository interfaces.
2026-08-15T15:02:41.513Z  INFO 381401 --- [transaction-service] [           main] .s.d.r.c.RepositoryConfigurationDelegate : Multiple Spring Data modules found, entering strict repository configuration mode
2026-08-15T15:02:41.526Z  INFO 381401 --- [transaction-service] [           main] .s.d.r.c.RepositoryConfigurationDelegate : Bootstrapping Spring Data Redis repositories in DEFAULT mode.
2026-08-15T15:02:41.799Z  INFO 381401 --- [transaction-service] [           main] .RepositoryConfigurationExtensionSupport : Spring Data Redis - Could not safely identify store assignment for repository candidate interface edu.tongji.transactionservice.repository.PurchaseRepository; If you want this repository to be a Redis repository, consider annotating your entities with one of these annotations: org.springframework.data.redis.core.RedisHash (preferred), or consider extending one of the following types with your repository: org.springframework.data.keyvalue.repository.KeyValueRepository
2026-08-15T15:02:41.801Z  INFO 381401 --- [transaction-service] [           main] .RepositoryConfigurationExtensionSupport : Spring Data Redis - Could not safely identify store assignment for repository candidate interface edu.tongji.transactionservice.repository.TransactionRepository; If you want this repository to be a Redis repository, consider annotating your entities with one of these annotations: org.springframework.data.redis.core.RedisHash (preferred), or consider extending one of the following types with your repository: org.springframework.data.keyvalue.repository.KeyValueRepository
2026-08-15T15:02:41.803Z  INFO 381401 --- [transaction-service] [           main] .RepositoryConfigurationExtensionSupport : Spring Data Redis - Could not safely identify store assignment for repository candidate interface edu.tongji.transactionservice.repository.AuthorIncomeRepository; If you want this repository to be a Redis repository, consider annotating your entities with one of these annotations: org.springframework.data.redis.core.RedisHash (preferred), or consider extending one of the following types with your repository: org.springframework.data.keyvalue.repository.KeyValueRepository
2026-08-15T15:02:41.810Z  INFO 381401 --- [transaction-service] [           main] .RepositoryConfigurationExtensionSupport : Spring Data Redis - Could not safely identify store assignment for repository candidate interface edu.tongji.transactionservice.repository.RewardRepository; If you want this repository to be a Redis repository, consider annotating your entities with one of these annotations: org.springframework.data.redis.core.RedisHash (preferred), or consider extending one of the following types with your repository: org.springframework.data.keyvalue.repository.KeyValueRepository
2026-08-15T15:02:41.810Z  INFO 381401 --- [transaction-service] [           main] .s.d.r.c.RepositoryConfigurationDelegate : Finished Spring Data repository scanning in 199 ms. Found 0 Redis repository interfaces.
2026-08-15T15:02:52.460Z  INFO 381401 --- [transaction-service] [           main] o.s.b.w.embedded.tomcat.TomcatWebServer  : Tomcat initialized with port 7083 (http)
2026-08-15T15:02:52.673Z  INFO 381401 --- [transaction-service] [           main] o.apache.catalina.core.StandardService   : Starting service [Tomcat]
2026-08-15T15:02:52.674Z  INFO 381401 --- [transaction-service] [           main] o.apache.catalina.core.StandardEngine    : Starting Servlet engine: [Apache Tomcat/10.1.31]
2026-08-15T15:02:53.009Z  INFO 381401 --- [transaction-service] [           main] o.a.c.c.C.[Tomcat].[localhost].[/]       : Initializing Spring embedded WebApplicationContext
2026-08-15T15:02:53.015Z  INFO 381401 --- [transaction-service] [           main] w.s.c.ServletWebServerApplicationContext : Root WebApplicationContext: initialization completed in 35217 ms
2026-08-15T15:02:55.657Z  INFO 381401 --- [transaction-service] [           main] org.redisson.jcache.JCachingProvider     : JCacheManager created with uri: jsr107-default-config and properties: {}
2026-08-15T15:02:57.087Z  INFO 381401 --- [transaction-service] [           main] o.hibernate.jpa.internal.util.LogHelper  : HHH000204: Processing PersistenceUnitInfo [name: default]
2026-08-15T15:02:57.546Z  INFO 381401 --- [transaction-service] [           main] org.hibernate.Version                    : HHH000412: Hibernate ORM core version 6.5.3.Final
2026-08-15T15:02:57.795Z  INFO 381401 --- [transaction-service] [           main] o.h.c.internal.RegionFactoryInitiator    : HHH000026: Second-level cache disabled
2026-08-15T15:02:59.650Z  INFO 381401 --- [transaction-service] [           main] o.s.o.j.p.SpringPersistenceUnitInfo      : No LoadTimeWeaver setup: ignoring JPA class transformer
2026-08-15T15:02:59.895Z  INFO 381401 --- [transaction-service] [           main] com.zaxxer.hikari.HikariDataSource       : HikariPool-1 - Starting...
2026-08-15T15:03:01.121Z  INFO 381401 --- [transaction-service] [           main] com.zaxxer.hikari.pool.HikariPool        : HikariPool-1 - Added connection com.mysql.cj.jdbc.ConnectionImpl@f6e3b67
2026-08-15T15:03:01.128Z  INFO 381401 --- [transaction-service] [           main] com.zaxxer.hikari.HikariDataSource       : HikariPool-1 - Start completed.
2026-08-15T15:03:01.448Z  WARN 381401 --- [transaction-service] [           main] org.hibernate.orm.deprecation            : HHH90000025: MySQLDialect does not need to be specified explicitly using 'hibernate.dialect' (remove the property setting and it will be selected by default)
2026-08-15T15:03:06.337Z  INFO 381401 --- [transaction-service] [           main] o.h.e.t.j.p.i.JtaPlatformInitiator       : HHH000489: No JTA platform available (set 'hibernate.transaction.jta.platform' to enable JTA platform integration)
2026-08-15T15:03:06.605Z  INFO 381401 --- [transaction-service] [           main] j.LocalContainerEntityManagerFactoryBean : Initialized JPA EntityManagerFactory for persistence unit 'default'
2026-08-15T15:03:08.741Z  INFO 381401 --- [transaction-service] [           main] o.s.d.j.r.query.QueryEnhancerFactory     : JSqlParser is in classpath; If applicable, JSqlParser will be used.
2026-08-15T15:03:08.742Z  INFO 381401 --- [transaction-service] [           main] o.s.d.j.r.query.QueryEnhancerFactory     : Hibernate is in classpath; If applicable, HQL parser will be used.
2026-08-15T15:03:16.493Z  INFO 381401 --- [transaction-service] [           main] org.redisson.Version                     : Redisson 3.33.0
2026-08-15T15:03:18.988Z  INFO 381401 --- [transaction-service] [isson-netty-1-6] o.redisson.connection.ConnectionsHolder  : 1 connections initialized for localhost/127.0.0.1:6379
2026-08-15T15:03:19.390Z  INFO 381401 --- [transaction-service] [sson-netty-1-20] o.redisson.connection.ConnectionsHolder  : 24 connections initialized for localhost/127.0.0.1:6379
2026-08-15T15:03:23.282Z  WARN 381401 --- [transaction-service] [           main] JpaBaseConfiguration$JpaWebConfiguration : spring.jpa.open-in-view is enabled by default. Therefore, database queries may be performed during view rendering. Explicitly configure spring.jpa.open-in-view to disable this warning
2026-08-15T15:03:23.557Z  WARN 381401 --- [transaction-service] [           main] .s.s.UserDetailsServiceAutoConfiguration : 

Using generated security password: d2b9987b-dad9-4e57-af1f-83ab8236cd16

This generated password is for development use only. Your security configuration must be updated before running your application in production.

2026-08-15T15:03:23.680Z  INFO 381401 --- [transaction-service] [           main] r$InitializeUserDetailsManagerConfigurer : Global AuthenticationManager configured with UserDetailsService bean with name inMemoryUserDetailsManager
2026-08-15T15:03:26.851Z  INFO 381401 --- [transaction-service] [           main] o.s.b.a.e.web.EndpointLinksResolver      : Exposing 2 endpoints beneath base path '/actuator'
Logging initialized using 'class org.apache.ibatis.logging.stdout.StdOutImpl' adapter.
Get /172.16.0.4 network interface 
Get network interface info: name:eth0 (eth0)
Initialization Sequence datacenterId:15 workerId:13
 _ _   |_  _ _|_. ___ _ |    _ 
| | |\/|_)(_| | |_\  |_)||_|_\ 
     /               |         
                        3.5.7 
Can not find table primary key in Class: "edu.tongji.transactionservice.entity.Reward".
2026-08-15T15:03:32.805Z  WARN 381401 --- [transaction-service] [           main] c.b.m.core.injector.DefaultSqlInjector   : class edu.tongji.transactionservice.entity.Reward ,Not found @TableId annotation, Cannot use Mybatis-Plus 'xxById' Method.
Can not find table primary key in Class: "edu.tongji.transactionservice.entity.Purchase".
2026-08-15T15:03:33.421Z  WARN 381401 --- [transaction-service] [           main] c.b.m.core.injector.DefaultSqlInjector   : class edu.tongji.transactionservice.entity.Purchase ,Not found @TableId annotation, Cannot use Mybatis-Plus 'xxById' Method.
Can not find table primary key in Class: "edu.tongji.transactionservice.entity.Transaction".
2026-08-15T15:03:33.578Z  WARN 381401 --- [transaction-service] [           main] c.b.m.core.injector.DefaultSqlInjector   : class edu.tongji.transactionservice.entity.Transaction ,Not found @TableId annotation, Cannot use Mybatis-Plus 'xxById' Method.
2026-08-15T15:03:34.246Z  WARN 381401 --- [transaction-service] [           main] ConfigServletWebServerApplicationContext : Exception encountered during context initialization - cancelling refresh attempt: org.springframework.context.ApplicationContextException: Failed to start bean 'webServerStartStop'
2026-08-15T15:03:36.382Z  INFO 381401 --- [transaction-service] [           main] j.LocalContainerEntityManagerFactoryBean : Closing JPA EntityManagerFactory for persistence unit 'default'
2026-08-15T15:03:36.389Z  INFO 381401 --- [transaction-service] [           main] com.zaxxer.hikari.HikariDataSource       : HikariPool-1 - Shutdown initiated...
2026-08-15T15:03:36.408Z  INFO 381401 --- [transaction-service] [           main] com.zaxxer.hikari.HikariDataSource       : HikariPool-1 - Shutdown completed.
2026-08-15T15:03:36.410Z  INFO 381401 --- [transaction-service] [           main] org.redisson.jcache.JCachingProvider     : JCacheManager closed with uri: jsr107-default-config and properties: {}
2026-08-15T15:03:36.463Z  INFO 381401 --- [transaction-service] [           main] .s.b.a.l.ConditionEvaluationReportLogger : 

Error starting App2026-08-15T15:06:15.754Z  INFO 377404 --- [transaction-service] [nio-7083-exec-1] o.a.c.c.C.[Tomcat].[localhost].[/]       : Initializing Spring DispatcherServlet 'dispatcherServlet'
2026-08-15T15:06:15.755Z  INFO 377404 --- [transaction-service] [nio-7083-exec-1] o.s.web.servlet.DispatcherServlet        : Initializing Servlet 'dispatcherServlet'
2026-08-15T15:06:15.758Z  INFO 377404 --- [transaction-service] [nio-7083-exec-1] o.s.web.servlet.DispatcherServlet        : Completed initialization in 3 ms
Hibernate: select t1_0.transaction_id,t1_0.amount,t1_0.reader_id,t1_0.time,t1_0.trans_type from transaction t1_0
2026-08-16T03:44:09.872Z  INFO 377404 --- [transaction-service] [nio-7083-exec-4] e.t.t.service.PurchaseService            : 开始获取章节价格信息，小说ID: 32, 章节ID: 7
2026-08-16T03:44:09.873Z  INFO 377404 --- [transaction-service] [nio-7083-exec-7] e.t.t.service.PurchaseService            : 开始获取章节价格信息，小说ID: 32, 章节ID: 5
2026-08-16T03:44:09.874Z  INFO 377404 --- [transaction-service] [nio-7083-exec-6] e.t.t.service.PurchaseService            : 开始获取章节价格信息，小说ID: 32, 章节ID: 8
2026-08-16T03:44:09.874Z  INFO 377404 --- [transaction-service] [nio-7083-exec-5] e.t.t.service.PurchaseService            : 开始获取章节价格信息，小说ID: 32, 章节ID: 6
2026-08-16T03:44:09.872Z  INFO 377404 --- [transaction-service] [nio-7083-exec-3] e.t.t.service.PurchaseService            : 开始获取章节价格信息，小说ID: 32, 章节ID: 4
2026-08-16T03:44:09.874Z  INFO 377404 --- [transaction-service] [nio-7083-exec-2] e.t.t.service.PurchaseService            : 开始获取章节价格信息，小说ID: 32, 章节ID: 9
2026-08-16T03:44:10.322Z  INFO 377404 --- [transaction-service] [nio-7083-exec-4] e.t.t.service.PurchaseService            : 获取章节价格信息成功，小说ID: 32, 章节ID: 7, 是否收费: true, 价格: 249
2026-08-16T03:44:10.323Z  INFO 377404 --- [transaction-service] [nio-7083-exec-5] e.t.t.service.PurchaseService            : 获取章节价格信息成功，小说ID: 32, 章节ID: 6, 是否收费: true, 价格: 232
2026-08-16T03:44:10.323Z  INFO 377404 --- [transaction-service] [nio-7083-exec-2] e.t.t.service.PurchaseService            : 获取章节价格信息成功，小说ID: 32, 章节ID: 9, 是否收费: true, 价格: 297
2026-08-16T03:44:10.324Z  INFO 377404 --- [transaction-service] [nio-7083-exec-7] e.t.t.service.PurchaseService            : 获取章节价格信息成功，小说ID: 32, 章节ID: 5, 是否收费: true, 价格: 278
2026-08-16T03:44:10.324Z  INFO 377404 --- [transaction-service] [nio-7083-exec-6] e.t.t.service.PurchaseService            : 获取章节价格信息成功，小说ID: 32, 章节ID: 8, 是否收费: true, 价格: 243
2026-08-16T03:44:10.325Z  INFO 377404 --- [transaction-service] [nio-7083-exec-3] e.t.t.service.PurchaseService            : 获取章节价格信息成功，小说ID: 32, 章节ID: 4, 是否收费: true, 价格: 286
Hibernate: select case when count(p1_0.transaction_id)>0 then 1 else 0 end from purchase p1_0 join transaction t1_0 on p1_0.transaction_id=t1_0.transaction_id where t1_0.reader_id=? and p1_0.novel_id=? and p1_0.chapter_id=?
Hibernate: select case when count(p1_0.transaction_id)>0 then 1 else 0 end from purchase p1_0 join transaction t1_0 on p1_0.transaction_id=t1_0.transaction_id where t1_0.reader_id=? and p1_0.novel_id=? and p1_0.chapter_id=?
Hibernate: select case when count(p1_0.transaction_id)>0 then 1 else 0 end from purchase p1_0 join transaction t1_0 on p1_0.transaction_id=t1_0.transaction_id where t1_0.reader_id=? and p1_0.novel_id=? and p1_0.chapter_id=?
Hibernate: select case when count(p1_0.transaction_id)>0 then 1 else 0 end from purchase p1_0 join transaction t1_0 on p1_0.transaction_id=t1_0.transaction_id where t1_0.reader_id=? and p1_0.novel_id=? and p1_0.chapter_id=?
Hibernate: select case when count(p1_0.transaction_id)>0 then 1 else 0 end from purchase p1_0 join transaction t1_0 on p1_0.transaction_id=t1_0.transaction_id where t1_0.reader_id=? and p1_0.novel_id=? and p1_0.chapter_id=?
Hibernate: select case when count(p1_0.transaction_id)>0 then 1 else 0 end from purchase p1_0 join transaction t1_0 on p1_0.transaction_id=t1_0.transaction_id where t1_0.reader_id=? and p1_0.novel_id=? and p1_0.chapter_id=?
2026-08-16T03:44:10.666Z  INFO 377404 --- [transaction-service] [nio-7083-exec-8] e.t.t.service.PurchaseService            : 开始获取章节价格信息，小说ID: 32, 章节ID: 11
2026-08-16T03:44:10.688Z  INFO 377404 --- [transaction-service] [nio-7083-exec-8] e.t.t.service.PurchaseService            : 获取章节价格信息成功，小说ID: 32, 章节ID: 11, 是否收费: true, 价格: 292
Hibernate: select case when count(p1_0.transaction_id)>0 then 1 else 0 end from purchase p1_0 join transaction t1_0 on p1_0.transaction_id=t1_0.transaction_id where t1_0.reader_id=? and p1_0.novel_id=? and p1_0.chapter_id=?
2026-08-16T03:44:10.704Z  INFO 377404 --- [transaction-service] [nio-7083-exec-9] e.t.t.service.PurchaseService            : 开始获取章节价格信息，小说ID: 32, 章节ID: 13
2026-08-16T03:44:10.736Z  INFO 377404 --- [transaction-service] [nio-7083-exec-1] e.t.t.service.PurchaseService            : 开始获取章节价格信息，小说ID: 32, 章节ID: 10
2026-08-16T03:44:10.738Z  INFO 377404 --- [transaction-service] [io-7083-exec-10] e.t.t.service.PurchaseService            : 开始获取章节价格信息，小说ID: 32, 章节ID: 12
2026-08-16T03:44:10.740Z  INFO 377404 --- [transaction-service] [nio-7083-exec-9] e.t.t.service.PurchaseService            : 获取章节价格信息成功，小说ID: 32, 章节ID: 13, 是否收费: true, 价格: 263
Hibernate: select case when count(p1_0.transaction_id)>0 then 1 else 0 end from purchase p1_0 join transaction t1_0 on p1_0.transaction_id=t1_0.transaction_id where t1_0.reader_id=? and p1_0.novel_id=? and p1_0.chapter_id=?
2026-08-16T03:44:10.770Z  INFO 377404 --- [transaction-service] [io-7083-exec-10] e.t.t.service.PurchaseService            : 获取章节价格信息成功，小说ID: 32, 章节ID: 12, 是否收费: true, 价格: 244
2026-08-16T03:44:10.770Z  INFO 377404 --- [transaction-service] [nio-7083-exec-1] e.t.t.service.PurchaseService            : 获取章节价格信息成功，小说ID: 32, 章节ID: 10, 是否收费: true, 价格: 246
Hibernate: select case when count(p1_0.transaction_id)>0 then 1 else 0 end from purchase p1_0 join transaction t1_0 on p1_0.transaction_id=t1_0.transaction_id where t1_0.reader_id=? and p1_0.novel_id=? and p1_0.chapter_id=?
Hibernate: select case when count(p1_0.transaction_id)>0 then 1 else 0 end from purchase p1_0 join transaction t1_0 on p1_0.transaction_id=t1_0.transaction_id where t1_0.reader_id=? and p1_0.novel_id=? and p1_0.chapter_id=?
2026-08-16T03:44:13.651Z  INFO 377404 --- [transaction-service] [nio-7083-exec-3] e.t.t.service.PurchaseService            : 开始获取章节价格信息，小说ID: 32, 章节ID: 6
2026-08-16T03:44:13.653Z  INFO 377404 --- [transaction-service] [nio-7083-exec-4] e.t.t.service.PurchaseService            : 开始获取章节价格信息，小说ID: 32, 章节ID: 9
2026-08-16T03:44:13.670Z  INFO 377404 --- [transaction-service] [nio-7083-exec-7] e.t.t.service.PurchaseService            : 开始获取章节价格信息，小说ID: 32, 章节ID: 4
2026-08-16T03:44:13.672Z  INFO 377404 --- [transaction-service] [nio-7083-exec-5] e.t.t.service.PurchaseService            : 开始获取章节价格信息，小说ID: 32, 章节ID: 5
2026-08-16T03:44:13.677Z  INFO 377404 --- [transaction-service] [nio-7083-exec-6] e.t.t.service.PurchaseService            : 开始获取章节价格信息，小说ID: 32, 章节ID: 8
2026-08-16T03:44:13.684Z  INFO 377404 --- [transaction-service] [nio-7083-exec-4] e.t.t.service.PurchaseService            : 获取章节价格信息成功，小说ID: 32, 章节ID: 9, 是否收费: true, 价格: 297
2026-08-16T03:44:13.685Z  INFO 377404 --- [transaction-service] [nio-7083-exec-3] e.t.t.service.PurchaseService            : 获取章节价格信息成功，小说ID: 32, 章节ID: 6, 是否收费: true, 价格: 232
Hibernate: select case when count(p1_0.transaction_id)>0 then 1 else 0 end from purchase p1_0 join transaction t1_0 on p1_0.transaction_id=t1_0.transaction_id where t1_0.reader_id=? and p1_0.novel_id=? and p1_0.chapter_id=?
Hibernate: select case when count(p1_0.transaction_id)>0 then 1 else 0 end from purchase p1_0 join transaction t1_0 on p1_0.transaction_id=t1_0.transaction_id where t1_0.reader_id=? and p1_0.novel_id=? and p1_0.chapter_id=?
2026-08-16T03:44:13.701Z  INFO 377404 --- [transaction-service] [nio-7083-exec-3] e.t.t.service.PurchaseService            : 开始获取章节价格信息，小说ID: 32, 章节ID: 7
2026-08-16T03:44:13.711Z  INFO 377404 --- [transaction-service] [nio-7083-exec-5] e.t.t.service.PurchaseService            : 获取章节价格信息成功，小说ID: 32, 章节ID: 5, 是否收费: true, 价格: 278
2026-08-16T03:44:13.713Z  INFO 377404 --- [transaction-service] [nio-7083-exec-7] e.t.t.service.PurchaseService            : 获取章节价格信息成功，小说ID: 32, 章节ID: 4, 是否收费: true, 价格: 286
Hibernate: select case when count(p1_0.transaction_id)>0 then 1 else 0 end from purchase p1_0 join transaction t1_0 on p1_0.transaction_id=t1_0.transaction_id where t1_0.reader_id=? and p1_0.novel_id=? and p1_0.chapter_id=?
Hibernate: select case when count(p1_0.transaction_id)>0 then 1 else 0 end from purchase p1_0 join transaction t1_0 on p1_0.transaction_id=t1_0.transaction_id where t1_0.reader_id=? and p1_0.novel_id=? and p1_0.chapter_id=?
2026-08-16T03:44:13.720Z  INFO 377404 --- [transaction-service] [nio-7083-exec-6] e.t.t.service.PurchaseService            : 获取章节价格信息成功，小说ID: 32, 章节ID: 8, 是否收费: true, 价格: 243
Hibernate: select case when count(p1_0.transaction_id)>0 then 1 else 0 end from purchase p1_0 join transaction t1_0 on p1_0.transaction_id=t1_0.transaction_id where t1_0.reader_id=? and p1_0.novel_id=? and p1_0.chapter_id=?
2026-08-16T03:44:13.738Z  INFO 377404 --- [transaction-service] [nio-7083-exec-3] e.t.t.service.PurchaseService            : 获取章节价格信息成功，小说ID: 32, 章节ID: 7, 是否收费: true, 价格: 249
Hibernate: select case when count(p1_0.transaction_id)>0 then 1 else 0 end from purchase p1_0 join transaction t1_0 on p1_0.transaction_id=t1_0.transaction_id where t1_0.reader_id=? and p1_0.novel_id=? and p1_0.chapter_id=?
2026-08-16T03:44:13.931Z  INFO 377404 --- [transaction-service] [nio-7083-exec-8] e.t.t.service.PurchaseService            : 开始获取章节价格信息，小说ID: 32, 章节ID: 10
2026-08-16T03:44:13.948Z  INFO 377404 --- [transaction-service] [nio-7083-exec-8] e.t.t.service.PurchaseService            : 获取章节价格信息成功，小说ID: 32, 章节ID: 10, 是否收费: true, 价格: 246
Hibernate: select case when count(p1_0.transaction_id)>0 then 1 else 0 end from purchase p1_0 join transaction t1_0 on p1_0.transaction_id=t1_0.transaction_id where t1_0.reader_id=? and p1_0.novel_id=? and p1_0.chapter_id=?
2026-08-16T03:44:13.958Z  INFO 377404 --- [transaction-service] [nio-7083-exec-9] e.t.t.service.PurchaseService            : 开始获取章节价格信息，小说ID: 32, 章节ID: 11
2026-08-16T03:44:13.973Z  INFO 377404 --- [transaction-service] [nio-7083-exec-9] e.t.t.service.PurchaseService            : 获取章节价格信息成功，小说ID: 32, 章节ID: 11, 是否收费: true, 价格: 292
Hibernate: select case when count(p1_0.transaction_id)>0 then 1 else 0 end from purchase p1_0 join transaction t1_0 on p1_0.transaction_id=t1_0.transaction_id where t1_0.reader_id=? and p1_0.novel_id=? and p1_0.chapter_id=?
2026-08-16T03:44:13.998Z  INFO 377404 --- [transaction-service] [nio-7083-exec-1] e.t.t.service.PurchaseService            : 开始获取章节价格信息，小说ID: 32, 章节ID: 13
2026-08-16T03:44:13.998Z  INFO 377404 --- [transaction-service] [io-7083-exec-10] e.t.t.service.PurchaseService            : 开始获取章节价格信息，小说ID: 32, 章节ID: 12
2026-08-16T03:44:14.020Z  INFO 377404 --- [transaction-service] [nio-7083-exec-1] e.t.t.service.PurchaseService            : 获取章节价格信息成功，小说ID: 32, 章节ID: 13, 是否收费: true, 价格: 263
Hibernate: select case when count(p1_0.transaction_id)>0 then 1 else 0 end from purchase p1_0 join transaction t1_0 on p1_0.transaction_id=t1_0.transaction_id where t1_0.reader_id=? and p1_0.novel_id=? and p1_0.chapter_id=?
2026-08-16T03:44:14.022Z  INFO 377404 --- [transaction-service] [io-7083-exec-10] e.t.t.service.PurchaseService            : 获取章节价格信息成功，小说ID: 32, 章节ID: 12, 是否收费: true, 价格: 244
Hibernate: select case when count(p1_0.transaction_id)>0 then 1 else 0 end from purchase p1_0 join transaction t1_0 on p1_0.transaction_id=t1_0.transaction_id where t1_0.reader_id=? and p1_0.novel_id=? and p1_0.chapter_id=?
2026-08-16T03:44:40.839Z  INFO 377404 --- [transaction-service] [nio-7083-exec-2] e.t.t.service.PurchaseService            : 开始获取章节价格信息，小说ID: 32, 章节ID: 9
2026-08-16T03:44:40.859Z  INFO 377404 --- [transaction-service] [nio-7083-exec-7] e.t.t.service.PurchaseService            : 开始获取章节价格信息，小说ID: 32, 章节ID: 7
2026-08-16T03:44:40.859Z  INFO 377404 --- [transaction-service] [nio-7083-exec-4] e.t.t.service.PurchaseService            : 开始获取章节价格信息，小说ID: 32, 章节ID: 5
2026-08-16T03:44:40.864Z  INFO 377404 --- [transaction-service] [nio-7083-exec-5] e.t.t.service.PurchaseService            : 开始获取章节价格信息，小说ID: 32, 章节ID: 4
2026-08-16T03:44:40.871Z  INFO 377404 --- [transaction-service] [nio-7083-exec-6] e.t.t.service.PurchaseService            : 开始获取章节价格信息，小说ID: 32, 章节ID: 8
2026-08-16T03:44:40.870Z  INFO 377404 --- [transaction-service] [nio-7083-exec-3] e.t.t.service.PurchaseService            : 开始获取章节价格信息，小说ID: 32, 章节ID: 6
2026-08-16T03:44:40.872Z  INFO 377404 --- [transaction-service] [nio-7083-exec-2] e.t.t.service.PurchaseService            : 获取章节价格信息成功，小说ID: 32, 章节ID: 9, 是否收费: true, 价格: 297
Hibernate: select case when count(p1_0.transaction_id)>0 then 1 else 0 end from purchase p1_0 join transaction t1_0 on p1_0.transaction_id=t1_0.transaction_id where t1_0.reader_id=? and p1_0.novel_id=? and p1_0.chapter_id=?
2026-08-16T03:44:40.883Z  INFO 377404 --- [transaction-service] [nio-7083-exec-4] e.t.t.service.PurchaseService            : 获取章节价格信息成功，小说ID: 32, 章节ID: 5, 是否收费: true, 价格: 278
Hibernate: select case when count(p1_0.transaction_id)>0 then 1 else 0 end from purchase p1_0 join transaction t1_0 on p1_0.transaction_id=t1_0.transaction_id where t1_0.reader_id=? and p1_0.novel_id=? and p1_0.chapter_id=?
2026-08-16T03:44:40.909Z  INFO 377404 --- [transaction-service] [nio-7083-exec-5] e.t.t.service.PurchaseService            : 获取章节价格信息成功，小说ID: 32, 章节ID: 4, 是否收费: true, 价格: 286
Hibernate: select case when count(p1_0.transaction_id)>0 then 1 else 0 end from purchase p1_0 join transaction t1_0 on p1_0.transaction_id=t1_0.transaction_id where t1_0.reader_id=? and p1_0.novel_id=? and p1_0.chapter_id=?
2026-08-16T03:44:40.917Z  INFO 377404 --- [transaction-service] [nio-7083-exec-7] e.t.t.service.PurchaseService            : 获取章节价格信息成功，小说ID: 32, 章节ID: 7, 是否收费: true, 价格: 249
2026-08-16T03:44:40.922Z  INFO 377404 --- [transaction-service] [nio-7083-exec-3] e.t.t.service.PurchaseService            : 获取章节价格信息成功，小说ID: 32, 章节ID: 6, 是否收费: true, 价格: 232
Hibernate: select case when count(p1_0.transaction_id)>0 then 1 else 0 end from purchase p1_0 join transaction t1_0 on p1_0.transaction_id=t1_0.transaction_id where t1_0.reader_id=? and p1_0.novel_id=? and p1_0.chapter_id=?
2026-08-16T03:44:40.925Z  INFO 377404 --- [transaction-service] [nio-7083-exec-6] e.t.t.service.PurchaseService            : 获取章节价格信息成功，小说ID: 32, 章节ID: 8, 是否收费: true, 价格: 243
Hibernate: select case when count(p1_0.transaction_id)>0 then 1 else 0 end from purchase p1_0 join transaction t1_0 on p1_0.transaction_id=t1_0.transaction_id where t1_0.reader_id=? and p1_0.novel_id=? and p1_0.chapter_id=?
Hibernate: select case when count(p1_0.transaction_id)>0 then 1 else 0 end from purchase p1_0 join transaction t1_0 on p1_0.transaction_id=t1_0.transaction_id where t1_0.reader_id=? and p1_0.novel_id=? and p1_0.chapter_id=?
2026-08-16T03:44:41.137Z  INFO 377404 --- [transaction-service] [nio-7083-exec-8] e.t.t.service.PurchaseService            : 开始获取章节价格信息，小说ID: 32, 章节ID: 10
2026-08-16T03:44:41.151Z  INFO 377404 --- [transaction-service] [nio-7083-exec-8] e.t.t.service.PurchaseService            : 获取章节价格信息成功，小说ID: 32, 章节ID: 10, 是否收费: true, 价格: 246
Hibernate: select case when count(p1_0.transaction_id)>0 then 1 else 0 end from purchase p1_0 join transaction t1_0 on p1_0.transaction_id=t1_0.transaction_id where t1_0.reader_id=? and p1_0.novel_id=? and p1_0.chapter_id=?
2026-08-16T03:44:41.161Z  INFO 377404 --- [transaction-service] [nio-7083-exec-9] e.t.t.service.PurchaseService            : 开始获取章节价格信息，小说ID: 32, 章节ID: 11
2026-08-16T03:44:41.175Z  INFO 377404 --- [transaction-service] [nio-7083-exec-9] e.t.t.service.PurchaseService            : 获取章节价格信息成功，小说ID: 32, 章节ID: 11, 是否收费: true, 价格: 292
Hibernate: select case when count(p1_0.transaction_id)>0 then 1 else 0 end from purchase p1_0 join transaction t1_0 on p1_0.transaction_id=t1_0.transaction_id where t1_0.reader_id=? and p1_0.novel_id=? and p1_0.chapter_id=?
2026-08-16T03:44:41.188Z  INFO 377404 --- [transaction-service] [nio-7083-exec-1] e.t.t.service.PurchaseService            : 开始获取章节价格信息，小说ID: 32, 章节ID: 12
2026-08-16T03:44:41.204Z  INFO 377404 --- [transaction-service] [nio-7083-exec-1] e.t.t.service.PurchaseService            : 获取章节价格信息成功，小说ID: 32, 章节ID: 12, 是否收费: true, 价格: 244
Hibernate: select case when count(p1_0.transaction_id)>0 then 1 else 0 end from purchase p1_0 join transaction t1_0 on p1_0.transaction_id=t1_0.transaction_id where t1_0.reader_id=? and p1_0.novel_id=? and p1_0.chapter_id=?
2026-08-16T03:44:41.209Z  INFO 377404 --- [transaction-service] [io-7083-exec-10] e.t.t.service.PurchaseService            : 开始获取章节价格信息，小说ID: 32, 章节ID: 13
2026-08-16T03:44:41.230Z  INFO 377404 --- [transaction-service] [io-7083-exec-10] e.t.t.service.PurchaseService            : 获取章节价格信息成功，小说ID: 32, 章节ID: 13, 是否收费: true, 价格: 263
Hibernate: select case when count(p1_0.transaction_id)>0 then 1 else 0 end from purchase p1_0 join transaction t1_0 on p1_0.transaction_id=t1_0.transaction_id where t1_0.reader_id=? and p1_0.novel_id=? and p1_0.chapter_id=?
